// Jest Snapshot v1, https://goo.gl/fbAQLP

exports[`XeiV3Factory #createPool gas 1`] = `4557092`;

exports[`XeiV3Factory factory bytecode size 1`] = `24535`;

exports[`XeiV3Factory pool bytecode size 1`] = `22142`;
