// Jest Snapshot v1, https://goo.gl/fbAQLP

exports[`NFTDescriptor #constructTokenURI #svgImage matches the current snapshot 1`] = `"<svg width=\\"290\\" height=\\"500\\" viewBox=\\"0 0 290 500\\" xmlns=\\"http://www.w3.org/2000/svg\\" xmlns:xlink='http://www.w3.org/1999/xlink'><defs><filter id=\\"f1\\"><feImage result=\\"p0\\" xlink:href=\\"data:image/svg+xml;base64,PHN2ZyB3aWR0aD0nMjkwJyBoZWlnaHQ9JzUwMCcgdmlld0JveD0nMCAwIDI5MCA1MDAnIHhtbG5zPSdodHRwOi8vd3d3LnczLm9yZy8yMDAwL3N2Zyc+PHJlY3Qgd2lkdGg9JzI5MHB4JyBoZWlnaHQ9JzUwMHB4JyBmaWxsPScjMTIzNDU2Jy8+PC9zdmc+\\"/><feImage result=\\"p1\\" xlink:href=\\"data:image/svg+xml;base64,PHN2ZyB3aWR0aD0nMjkwJyBoZWlnaHQ9JzUwMCcgdmlld0JveD0nMCAwIDI5MCA1MDAnIHhtbG5zPSdodHRwOi8vd3d3LnczLm9yZy8yMDAwL3N2Zyc+PGNpcmNsZSBjeD0nMTkyJyBjeT0nMzI1JyByPScxMjBweCcgZmlsbD0nI2FiY2RlYScvPjwvc3ZnPg==\\"/><feImage result=\\"p2\\" xlink:href=\\"data:image/svg+xml;base64,PHN2ZyB3aWR0aD0nMjkwJyBoZWlnaHQ9JzUwMCcgdmlld0JveD0nMCAwIDI5MCA1MDAnIHhtbG5zPSdodHRwOi8vd3d3LnczLm9yZy8yMDAwL3N2Zyc+PGNpcmNsZSBjeD0nMjQzJyBjeT0nMzYyJyByPScxMjBweCcgZmlsbD0nIzY3ODkwMScvPjwvc3ZnPg==\\" /><feImage result=\\"p3\\" xlink:href=\\"data:image/svg+xml;base64,PHN2ZyB3aWR0aD0nMjkwJyBoZWlnaHQ9JzUwMCcgdmlld0JveD0nMCAwIDI5MCA1MDAnIHhtbG5zPSdodHRwOi8vd3d3LnczLm9yZy8yMDAwL3N2Zyc+PGNpcmNsZSBjeD0nMzcnIGN5PScxMzEnIHI9JzEwMHB4JyBmaWxsPScjZmFiY2RmJy8+PC9zdmc+\\" /><feBlend mode=\\"overlay\\" in=\\"p0\\" in2=\\"p1\\" /><feBlend mode=\\"exclusion\\" in2=\\"p2\\" /><feBlend mode=\\"overlay\\" in2=\\"p3\\" result=\\"blendOut\\" /><feGaussianBlur in=\\"blendOut\\" stdDeviation=\\"42\\" /></filter> <clipPath id=\\"corners\\"><rect width=\\"290\\" height=\\"500\\" rx=\\"42\\" ry=\\"42\\" /></clipPath><path id=\\"text-path-a\\" d=\\"M40 12 H250 A28 28 0 0 1 278 40 V460 A28 28 0 0 1 250 488 H40 A28 28 0 0 1 12 460 V40 A28 28 0 0 1 40 12 z\\" /><path id=\\"minimap\\" d=\\"M234 444C234 457.949 242.21 463 253 463\\" /><filter id=\\"top-region-blur\\"><feGaussianBlur in=\\"SourceGraphic\\" stdDeviation=\\"24\\" /></filter><linearGradient id=\\"grad-up\\" x1=\\"1\\" x2=\\"0\\" y1=\\"1\\" y2=\\"0\\"><stop offset=\\"0.0\\" stop-color=\\"white\\" stop-opacity=\\"1\\" /><stop offset=\\".9\\" stop-color=\\"white\\" stop-opacity=\\"0\\" /></linearGradient><linearGradient id=\\"grad-down\\" x1=\\"0\\" x2=\\"1\\" y1=\\"0\\" y2=\\"1\\"><stop offset=\\"0.0\\" stop-color=\\"white\\" stop-opacity=\\"1\\" /><stop offset=\\"0.9\\" stop-color=\\"white\\" stop-opacity=\\"0\\" /></linearGradient><mask id=\\"fade-up\\" maskContentUnits=\\"objectBoundingBox\\"><rect width=\\"1\\" height=\\"1\\" fill=\\"url(#grad-up)\\" /></mask><mask id=\\"fade-down\\" maskContentUnits=\\"objectBoundingBox\\"><rect width=\\"1\\" height=\\"1\\" fill=\\"url(#grad-down)\\" /></mask><mask id=\\"none\\" maskContentUnits=\\"objectBoundingBox\\"><rect width=\\"1\\" height=\\"1\\" fill=\\"white\\" /></mask><linearGradient id=\\"grad-symbol\\"><stop offset=\\"0.7\\" stop-color=\\"white\\" stop-opacity=\\"1\\" /><stop offset=\\".95\\" stop-color=\\"white\\" stop-opacity=\\"0\\" /></linearGradient><mask id=\\"fade-symbol\\" maskContentUnits=\\"userSpaceOnUse\\"><rect width=\\"290px\\" height=\\"200px\\" fill=\\"url(#grad-symbol)\\" /></mask></defs><g clip-path=\\"url(#corners)\\"><rect fill=\\"123456\\" x=\\"0px\\" y=\\"0px\\" width=\\"290px\\" height=\\"500px\\" /><rect style=\\"filter: url(#f1)\\" x=\\"0px\\" y=\\"0px\\" width=\\"290px\\" height=\\"500px\\" /> <g style=\\"filter:url(#top-region-blur); transform:scale(1.5); transform-origin:center top;\\"><rect fill=\\"none\\" x=\\"0px\\" y=\\"0px\\" width=\\"290px\\" height=\\"500px\\" /><ellipse cx=\\"50%\\" cy=\\"0px\\" rx=\\"180px\\" ry=\\"120px\\" fill=\\"#000\\" opacity=\\"0.85\\" /></g><rect x=\\"0\\" y=\\"0\\" width=\\"290\\" height=\\"500\\" rx=\\"42\\" ry=\\"42\\" fill=\\"rgba(0,0,0,0)\\" stroke=\\"rgba(255,255,255,0.2)\\" /></g><text text-rendering=\\"optimizeSpeed\\"><textPath startOffset=\\"-100%\\" fill=\\"white\\" font-family=\\"'Courier New', monospace\\" font-size=\\"10px\\" xlink:href=\\"#text-path-a\\">0xabcdeabcdefabcdefabcdefabcdefabcdefabcdf • WETH <animate additive=\\"sum\\" attributeName=\\"startOffset\\" from=\\"0%\\" to=\\"100%\\" begin=\\"0s\\" dur=\\"30s\\" repeatCount=\\"indefinite\\" /></textPath> <textPath startOffset=\\"0%\\" fill=\\"white\\" font-family=\\"'Courier New', monospace\\" font-size=\\"10px\\" xlink:href=\\"#text-path-a\\">0xabcdeabcdefabcdefabcdefabcdefabcdefabcdf • WETH <animate additive=\\"sum\\" attributeName=\\"startOffset\\" from=\\"0%\\" to=\\"100%\\" begin=\\"0s\\" dur=\\"30s\\" repeatCount=\\"indefinite\\" /> </textPath><textPath startOffset=\\"50%\\" fill=\\"white\\" font-family=\\"'Courier New', monospace\\" font-size=\\"10px\\" xlink:href=\\"#text-path-a\\">0x1234567890123456789123456789012345678901 • UNI <animate additive=\\"sum\\" attributeName=\\"startOffset\\" from=\\"0%\\" to=\\"100%\\" begin=\\"0s\\" dur=\\"30s\\" repeatCount=\\"indefinite\\" /></textPath><textPath startOffset=\\"-50%\\" fill=\\"white\\" font-family=\\"'Courier New', monospace\\" font-size=\\"10px\\" xlink:href=\\"#text-path-a\\">0x1234567890123456789123456789012345678901 • UNI <animate additive=\\"sum\\" attributeName=\\"startOffset\\" from=\\"0%\\" to=\\"100%\\" begin=\\"0s\\" dur=\\"30s\\" repeatCount=\\"indefinite\\" /></textPath></text><g mask=\\"url(#fade-symbol)\\"><rect fill=\\"none\\" x=\\"0px\\" y=\\"0px\\" width=\\"290px\\" height=\\"200px\\" /> <text y=\\"70px\\" x=\\"32px\\" fill=\\"white\\" font-family=\\"'Courier New', monospace\\" font-weight=\\"200\\" font-size=\\"36px\\">UNI/WETH</text><text y=\\"115px\\" x=\\"32px\\" fill=\\"white\\" font-family=\\"'Courier New', monospace\\" font-weight=\\"200\\" font-size=\\"36px\\">0.05%</text></g><rect x=\\"16\\" y=\\"16\\" width=\\"258\\" height=\\"468\\" rx=\\"26\\" ry=\\"26\\" fill=\\"rgba(0,0,0,0)\\" stroke=\\"rgba(255,255,255,0.2)\\" /><g mask=\\"url(#none)\\" style=\\"transform:translate(72px,189px)\\"><rect x=\\"-16px\\" y=\\"-16px\\" width=\\"180px\\" height=\\"180px\\" fill=\\"none\\" /><path d=\\"M1 1C17 73 73 129 145 145\\" stroke=\\"rgba(0,0,0,0.3)\\" stroke-width=\\"32px\\" fill=\\"none\\" stroke-linecap=\\"round\\" /></g><g mask=\\"url(#none)\\" style=\\"transform:translate(72px,189px)\\"><rect x=\\"-16px\\" y=\\"-16px\\" width=\\"180px\\" height=\\"180px\\" fill=\\"none\\" /><path d=\\"M1 1C17 73 73 129 145 145\\" stroke=\\"rgba(255,255,255,1)\\" fill=\\"none\\" stroke-linecap=\\"round\\" /></g><circle cx=\\"73px\\" cy=\\"190px\\" r=\\"4px\\" fill=\\"white\\" /><circle cx=\\"217px\\" cy=\\"334px\\" r=\\"4px\\" fill=\\"white\\" /> <g style=\\"transform:translate(29px, 384px)\\"><rect width=\\"77px\\" height=\\"26px\\" rx=\\"8px\\" ry=\\"8px\\" fill=\\"rgba(0,0,0,0.6)\\" /><text x=\\"12px\\" y=\\"17px\\" font-family=\\"'Courier New', monospace\\" font-size=\\"12px\\" fill=\\"white\\"><tspan fill=\\"rgba(255,255,255,0.6)\\">ID: </tspan>123</text></g> <g style=\\"transform:translate(29px, 414px)\\"><rect width=\\"133px\\" height=\\"26px\\" rx=\\"8px\\" ry=\\"8px\\" fill=\\"rgba(0,0,0,0.6)\\" /><text x=\\"12px\\" y=\\"17px\\" font-family=\\"'Courier New', monospace\\" font-size=\\"12px\\" fill=\\"white\\"><tspan fill=\\"rgba(255,255,255,0.6)\\">Min Tick: </tspan>-1000</text></g> <g style=\\"transform:translate(29px, 444px)\\"><rect width=\\"126px\\" height=\\"26px\\" rx=\\"8px\\" ry=\\"8px\\" fill=\\"rgba(0,0,0,0.6)\\" /><text x=\\"12px\\" y=\\"17px\\" font-family=\\"'Courier New', monospace\\" font-size=\\"12px\\" fill=\\"white\\"><tspan fill=\\"rgba(255,255,255,0.6)\\">Max Tick: </tspan>2000</text></g><g style=\\"transform:translate(226px, 433px)\\"><rect width=\\"36px\\" height=\\"36px\\" rx=\\"8px\\" ry=\\"8px\\" fill=\\"none\\" stroke=\\"rgba(255,255,255,0.2)\\" /><path stroke-linecap=\\"round\\" d=\\"M8 9C8.00004 22.9494 16.2099 28 27 28\\" fill=\\"none\\" stroke=\\"white\\" /><circle style=\\"transform:translate3d(13px, 23px, 0px)\\" cx=\\"0px\\" cy=\\"0px\\" r=\\"4px\\" fill=\\"white\\"/></g></svg>"`;

exports[`NFTDescriptor #constructTokenURI gas 1`] = `1632898`;

exports[`NFTDescriptor #constructTokenURI snapshot matches 1`] = `"data:application/json;base64,eyJuYW1lIjoiWGVpIC0gMC4wNSUgLSBVTkkvV0VUSCAtIDEuMDAwMDw+MS4xMDUyIiwgImRlc2NyaXB0aW9uIjoiVGhpcyBORlQgcmVwcmVzZW50cyBhIGxpcXVpZGl0eSBwb3NpdGlvbiBpbiBhIFhlaSBWMyBVTkktV0VUSCBwb29sLiBUaGUgb3duZXIgb2YgdGhpcyBORlQgY2FuIG1vZGlmeSBvciByZWRlZW0gdGhlIHBvc2l0aW9uLlxuXG5Qb29sIEFkZHJlc3M6IDB4YmJiYmJiYmJiYmJiYmJiYmJiYmJiYmJiYmJiYmJiYmJiYmJiYmJiYlxuVU5JIEFkZHJlc3M6IDB4YWJjZGVhYmNkZWZhYmNkZWZhYmNkZWZhYmNkZWZhYmNkZWZhYmNkZlxuV0VUSCBBZGRyZXNzOiAweDEyMzQ1Njc4OTAxMjM0NTY3ODkxMjM0NTY3ODkwMTIzNDU2Nzg5MDFcbkZlZSBUaWVyOiAwLjA1JVxuVG9rZW4gSUQ6IDFcblxu4pqg77iPIERJU0NMQUlNRVI6IER1ZSBkaWxpZ2VuY2UgaXMgaW1wZXJhdGl2ZSB3aGVuIGFzc2Vzc2luZyB0aGlzIE5GVC4gTWFrZSBzdXJlIHRva2VuIGFkZHJlc3NlcyBtYXRjaCB0aGUgZXhwZWN0ZWQgdG9rZW5zLCBhcyB0b2tlbiBzeW1ib2xzIG1heSBiZSBpbWl0YXRlZC4iLCAiaW1hZ2UiOiAiZGF0YTppbWFnZS9zdmcreG1sO2Jhc2U2NCxQSE4yWnlCM2FXUjBhRDBpTWprd0lpQm9aV2xuYUhROUlqVXdNQ0lnZG1sbGQwSnZlRDBpTUNBd0lESTVNQ0ExTURBaUlIaHRiRzV6UFNKb2RIUndPaTh2ZDNkM0xuY3pMbTl5Wnk4eU1EQXdMM04yWnlJZ2VHMXNibk02ZUd4cGJtczlKMmgwZEhBNkx5OTNkM2N1ZHpNdWIzSm5MekU1T1RrdmVHeHBibXNuUGp4a1pXWnpQanhtYVd4MFpYSWdhV1E5SW1ZeElqNDhabVZKYldGblpTQnlaWE4xYkhROUluQXdJaUI0YkdsdWF6cG9jbVZtUFNKa1lYUmhPbWx0WVdkbEwzTjJaeXQ0Yld3N1ltRnpaVFkwTEZCSVRqSmFlVUl6WVZkU01HRkVNRzVOYW10M1NubENiMXBYYkc1aFNGRTVTbnBWZDAxRFkyZGtiV3hzWkRCS2RtVkVNRzVOUTBGM1NVUkpOVTFEUVRGTlJFRnVTVWhvZEdKSE5YcFFVMlJ2WkVoU2QwOXBPSFprTTJRelRHNWpla3h0T1hsYWVUaDVUVVJCZDB3elRqSmFlV01yVUVoS2JGa3pVV2RrTW14clpFZG5PVXA2U1RWTlNFSTBTbmxDYjFwWGJHNWhTRkU1U25wVmQwMUlRalJLZVVKdFlWZDRjMUJUWTJwWlYwcHFXa2RXYUVwNU9DdFFRemw2Wkcxakt5SXZQanhtWlVsdFlXZGxJSEpsYzNWc2REMGljREVpSUhoc2FXNXJPbWh5WldZOUltUmhkR0U2YVcxaFoyVXZjM1puSzNodGJEdGlZWE5sTmpRc1VFaE9NbHA1UWpOaFYxSXdZVVF3YmsxcWEzZEtlVUp2V2xkc2JtRklVVGxLZWxWM1RVTmpaMlJ0Ykd4a01FcDJaVVF3YmsxRFFYZEpSRWsxVFVOQk1VMUVRVzVKU0doMFlrYzFlbEJUWkc5a1NGSjNUMms0ZG1RelpETk1ibU42VEcwNWVWcDVPSGxOUkVGM1RETk9NbHA1WXl0UVIwNXdZMjFPYzFwVFFtcGxSREJ1VFdwWk5FcDVRbXBsVkRCdVRXcFZNVXA1UW5sUVUyTjRUV3BDZDJWRFkyZGFiV3h6WWtRd2JrbDZSWGxOZWxFeFRtbGpkbEJxZDNaak0xcHVVR2M5UFNJdlBqeG1aVWx0WVdkbElISmxjM1ZzZEQwaWNESWlJSGhzYVc1ck9taHlaV1k5SW1SaGRHRTZhVzFoWjJVdmMzWm5LM2h0YkR0aVlYTmxOalFzVUVoT01scDVRak5oVjFJd1lVUXdiazFxYTNkS2VVSnZXbGRzYm1GSVVUbEtlbFYzVFVOaloyUnRiR3hrTUVwMlpVUXdiazFEUVhkSlJFazFUVU5CTVUxRVFXNUpTR2gwWWtjMWVsQlRaRzlrU0ZKM1QyazRkbVF6WkROTWJtTjZURzA1ZVZwNU9IbE5SRUYzVEROT01scDVZeXRRUjA1d1kyMU9jMXBUUW1wbFJEQnVUV3BCTWtwNVFtcGxWREJ1VFZSVmVVcDVRbmxRVTJONFRXcENkMlZEWTJkYWJXeHpZa1F3YmtreVdtaFpiVTVyV21samRsQnFkM1pqTTFwdVVHYzlQU0lnTHo0OFptVkpiV0ZuWlNCeVpYTjFiSFE5SW5BeklpQjRiR2x1YXpwb2NtVm1QU0prWVhSaE9tbHRZV2RsTDNOMlp5dDRiV3c3WW1GelpUWTBMRkJJVGpKYWVVSXpZVmRTTUdGRU1HNU5hbXQzU25sQ2IxcFhiRzVoU0ZFNVNucFZkMDFEWTJka2JXeHNaREJLZG1WRU1HNU5RMEYzU1VSSk5VMURRVEZOUkVGdVNVaG9kR0pITlhwUVUyUnZaRWhTZDA5cE9IWmtNMlF6VEc1amVreHRPWGxhZVRoNVRVUkJkMHd6VGpKYWVXTXJVRWRPY0dOdFRuTmFVMEpxWlVRd2JrMXFVWGRLZVVKcVpWUXdiazE2UVRKS2VVSjVVRk5qZUUxRVFuZGxRMk5uV20xc2MySkVNRzVKZWxrelQwUnJkMDFUWTNaUWFuZDJZek5hYmxCblBUMGlJQzgrUEdabFFteGxibVFnYlc5a1pUMGliM1psY214aGVTSWdhVzQ5SW5Bd0lpQnBiakk5SW5BeElpQXZQanhtWlVKc1pXNWtJRzF2WkdVOUltVjRZMngxYzJsdmJpSWdhVzR5UFNKd01pSWdMejQ4Wm1WQ2JHVnVaQ0J0YjJSbFBTSnZkbVZ5YkdGNUlpQnBiakk5SW5BeklpQnlaWE4xYkhROUltSnNaVzVrVDNWMElpQXZQanhtWlVkaGRYTnphV0Z1UW14MWNpQnBiajBpWW14bGJtUlBkWFFpSUhOMFpFUmxkbWxoZEdsdmJqMGlORElpSUM4K1BDOW1hV3gwWlhJK0lEeGpiR2x3VUdGMGFDQnBaRDBpWTI5eWJtVnljeUkrUEhKbFkzUWdkMmxrZEdnOUlqSTVNQ0lnYUdWcFoyaDBQU0kxTURBaUlISjRQU0kwTWlJZ2NuazlJalF5SWlBdlBqd3ZZMnhwY0ZCaGRHZytQSEJoZEdnZ2FXUTlJblJsZUhRdGNHRjBhQzFoSWlCa1BTSk5OREFnTVRJZ1NESTFNQ0JCTWpnZ01qZ2dNQ0F3SURFZ01qYzRJRFF3SUZZME5qQWdRVEk0SURJNElEQWdNQ0F4SURJMU1DQTBPRGdnU0RRd0lFRXlPQ0F5T0NBd0lEQWdNU0F4TWlBME5qQWdWalF3SUVFeU9DQXlPQ0F3SURBZ01TQTBNQ0F4TWlCNklpQXZQanh3WVhSb0lHbGtQU0p0YVc1cGJXRndJaUJrUFNKTk1qTTBJRFEwTkVNeU16UWdORFUzTGprME9TQXlOREl1TWpFZ05EWXpJREkxTXlBME5qTWlJQzgrUEdacGJIUmxjaUJwWkQwaWRHOXdMWEpsWjJsdmJpMWliSFZ5SWo0OFptVkhZWFZ6YzJsaGJrSnNkWElnYVc0OUlsTnZkWEpqWlVkeVlYQm9hV01pSUhOMFpFUmxkbWxoZEdsdmJqMGlNalFpSUM4K1BDOW1hV3gwWlhJK1BHeHBibVZoY2tkeVlXUnBaVzUwSUdsa1BTSm5jbUZrTFhWd0lpQjRNVDBpTVNJZ2VESTlJakFpSUhreFBTSXhJaUI1TWowaU1DSStQSE4wYjNBZ2IyWm1jMlYwUFNJd0xqQWlJSE4wYjNBdFkyOXNiM0k5SW5kb2FYUmxJaUJ6ZEc5d0xXOXdZV05wZEhrOUlqRWlJQzgrUEhOMGIzQWdiMlptYzJWMFBTSXVPU0lnYzNSdmNDMWpiMnh2Y2owaWQyaHBkR1VpSUhOMGIzQXRiM0JoWTJsMGVUMGlNQ0lnTHo0OEwyeHBibVZoY2tkeVlXUnBaVzUwUGp4c2FXNWxZWEpIY21Ga2FXVnVkQ0JwWkQwaVozSmhaQzFrYjNkdUlpQjRNVDBpTUNJZ2VESTlJakVpSUhreFBTSXdJaUI1TWowaU1TSStQSE4wYjNBZ2IyWm1jMlYwUFNJd0xqQWlJSE4wYjNBdFkyOXNiM0k5SW5kb2FYUmxJaUJ6ZEc5d0xXOXdZV05wZEhrOUlqRWlJQzgrUEhOMGIzQWdiMlptYzJWMFBTSXdMamtpSUhOMGIzQXRZMjlzYjNJOUluZG9hWFJsSWlCemRHOXdMVzl3WVdOcGRIazlJakFpSUM4K1BDOXNhVzVsWVhKSGNtRmthV1Z1ZEQ0OGJXRnpheUJwWkQwaVptRmtaUzExY0NJZ2JXRnphME52Ym5SbGJuUlZibWwwY3owaWIySnFaV04wUW05MWJtUnBibWRDYjNnaVBqeHlaV04wSUhkcFpIUm9QU0l4SWlCb1pXbG5hSFE5SWpFaUlHWnBiR3c5SW5WeWJDZ2paM0poWkMxMWNDa2lJQzgrUEM5dFlYTnJQanh0WVhOcklHbGtQU0ptWVdSbExXUnZkMjRpSUcxaGMydERiMjUwWlc1MFZXNXBkSE05SW05aWFtVmpkRUp2ZFc1a2FXNW5RbTk0SWo0OGNtVmpkQ0IzYVdSMGFEMGlNU0lnYUdWcFoyaDBQU0l4SWlCbWFXeHNQU0oxY213b0kyZHlZV1F0Wkc5M2Jpa2lJQzgrUEM5dFlYTnJQanh0WVhOcklHbGtQU0p1YjI1bElpQnRZWE5yUTI5dWRHVnVkRlZ1YVhSelBTSnZZbXBsWTNSQ2IzVnVaR2x1WjBKdmVDSStQSEpsWTNRZ2QybGtkR2c5SWpFaUlHaGxhV2RvZEQwaU1TSWdabWxzYkQwaWQyaHBkR1VpSUM4K1BDOXRZWE5yUGp4c2FXNWxZWEpIY21Ga2FXVnVkQ0JwWkQwaVozSmhaQzF6ZVcxaWIyd2lQanh6ZEc5d0lHOW1abk5sZEQwaU1DNDNJaUJ6ZEc5d0xXTnZiRzl5UFNKM2FHbDBaU0lnYzNSdmNDMXZjR0ZqYVhSNVBTSXhJaUF2UGp4emRHOXdJRzltWm5ObGREMGlMamsxSWlCemRHOXdMV052Ykc5eVBTSjNhR2wwWlNJZ2MzUnZjQzF2Y0dGamFYUjVQU0l3SWlBdlBqd3ZiR2x1WldGeVIzSmhaR2xsYm5RK1BHMWhjMnNnYVdROUltWmhaR1V0YzNsdFltOXNJaUJ0WVhOclEyOXVkR1Z1ZEZWdWFYUnpQU0oxYzJWeVUzQmhZMlZQYmxWelpTSStQSEpsWTNRZ2QybGtkR2c5SWpJNU1IQjRJaUJvWldsbmFIUTlJakl3TUhCNElpQm1hV3hzUFNKMWNtd29JMmR5WVdRdGMzbHRZbTlzS1NJZ0x6NDhMMjFoYzJzK1BDOWtaV1p6UGp4bklHTnNhWEF0Y0dGMGFEMGlkWEpzS0NOamIzSnVaWEp6S1NJK1BISmxZM1FnWm1sc2JEMGlZV0pqWkdWaElpQjRQU0l3Y0hnaUlIazlJakJ3ZUNJZ2QybGtkR2c5SWpJNU1IQjRJaUJvWldsbmFIUTlJalV3TUhCNElpQXZQanh5WldOMElITjBlV3hsUFNKbWFXeDBaWEk2SUhWeWJDZ2paakVwSWlCNFBTSXdjSGdpSUhrOUlqQndlQ0lnZDJsa2RHZzlJakk1TUhCNElpQm9aV2xuYUhROUlqVXdNSEI0SWlBdlBpQThaeUJ6ZEhsc1pUMGlabWxzZEdWeU9uVnliQ2dqZEc5d0xYSmxaMmx2YmkxaWJIVnlLVHNnZEhKaGJuTm1iM0p0T25OallXeGxLREV1TlNrN0lIUnlZVzV6Wm05eWJTMXZjbWxuYVc0NlkyVnVkR1Z5SUhSdmNEc2lQanh5WldOMElHWnBiR3c5SW01dmJtVWlJSGc5SWpCd2VDSWdlVDBpTUhCNElpQjNhV1IwYUQwaU1qa3djSGdpSUdobGFXZG9kRDBpTlRBd2NIZ2lJQzgrUEdWc2JHbHdjMlVnWTNnOUlqVXdKU0lnWTNrOUlqQndlQ0lnY25nOUlqRTRNSEI0SWlCeWVUMGlNVEl3Y0hnaUlHWnBiR3c5SWlNd01EQWlJRzl3WVdOcGRIazlJakF1T0RVaUlDOCtQQzluUGp4eVpXTjBJSGc5SWpBaUlIazlJakFpSUhkcFpIUm9QU0l5T1RBaUlHaGxhV2RvZEQwaU5UQXdJaUJ5ZUQwaU5ESWlJSEo1UFNJME1pSWdabWxzYkQwaWNtZGlZU2d3TERBc01Dd3dLU0lnYzNSeWIydGxQU0p5WjJKaEtESTFOU3d5TlRVc01qVTFMREF1TWlraUlDOCtQQzluUGp4MFpYaDBJSFJsZUhRdGNtVnVaR1Z5YVc1blBTSnZjSFJwYldsNlpWTndaV1ZrSWo0OGRHVjRkRkJoZEdnZ2MzUmhjblJQWm1aelpYUTlJaTB4TURBbElpQm1hV3hzUFNKM2FHbDBaU0lnWm05dWRDMW1ZVzFwYkhrOUlpZERiM1Z5YVdWeUlFNWxkeWNzSUcxdmJtOXpjR0ZqWlNJZ1ptOXVkQzF6YVhwbFBTSXhNSEI0SWlCNGJHbHVhenBvY21WbVBTSWpkR1Y0ZEMxd1lYUm9MV0VpUGpCNE1USXpORFUyTnpnNU1ERXlNelExTmpjNE9URXlNelExTmpjNE9UQXhNak0wTlRZM09Ea3dNU0RpZ0tJZ1YwVlVTQ0E4WVc1cGJXRjBaU0JoWkdScGRHbDJaVDBpYzNWdElpQmhkSFJ5YVdKMWRHVk9ZVzFsUFNKemRHRnlkRTltWm5ObGRDSWdabkp2YlQwaU1DVWlJSFJ2UFNJeE1EQWxJaUJpWldkcGJqMGlNSE1pSUdSMWNqMGlNekJ6SWlCeVpYQmxZWFJEYjNWdWREMGlhVzVrWldacGJtbDBaU0lnTHo0OEwzUmxlSFJRWVhSb1BpQThkR1Y0ZEZCaGRHZ2djM1JoY25SUFptWnpaWFE5SWpBbElpQm1hV3hzUFNKM2FHbDBaU0lnWm05dWRDMW1ZVzFwYkhrOUlpZERiM1Z5YVdWeUlFNWxkeWNzSUcxdmJtOXpjR0ZqWlNJZ1ptOXVkQzF6YVhwbFBTSXhNSEI0SWlCNGJHbHVhenBvY21WbVBTSWpkR1Y0ZEMxd1lYUm9MV0VpUGpCNE1USXpORFUyTnpnNU1ERXlNelExTmpjNE9URXlNelExTmpjNE9UQXhNak0wTlRZM09Ea3dNU0RpZ0tJZ1YwVlVTQ0E4WVc1cGJXRjBaU0JoWkdScGRHbDJaVDBpYzNWdElpQmhkSFJ5YVdKMWRHVk9ZVzFsUFNKemRHRnlkRTltWm5ObGRDSWdabkp2YlQwaU1DVWlJSFJ2UFNJeE1EQWxJaUJpWldkcGJqMGlNSE1pSUdSMWNqMGlNekJ6SWlCeVpYQmxZWFJEYjNWdWREMGlhVzVrWldacGJtbDBaU0lnTHo0Z1BDOTBaWGgwVUdGMGFENDhkR1Y0ZEZCaGRHZ2djM1JoY25SUFptWnpaWFE5SWpVd0pTSWdabWxzYkQwaWQyaHBkR1VpSUdadmJuUXRabUZ0YVd4NVBTSW5RMjkxY21sbGNpQk9aWGNuTENCdGIyNXZjM0JoWTJVaUlHWnZiblF0YzJsNlpUMGlNVEJ3ZUNJZ2VHeHBibXM2YUhKbFpqMGlJM1JsZUhRdGNHRjBhQzFoSWo0d2VHRmlZMlJsWVdKalpHVm1ZV0pqWkdWbVlXSmpaR1ZtWVdKalpHVm1ZV0pqWkdWbVlXSmpaR1lnNG9DaUlGVk9TU0E4WVc1cGJXRjBaU0JoWkdScGRHbDJaVDBpYzNWdElpQmhkSFJ5YVlCaGRIUnlhV0oxZEdWT1lXMWxQU0p6ZEdGeWRFOW1abk5sZENJZ1puSnZiVDBpTUNVaUlIUnZQU0l4TURBbElpQmlaV2RwYmowaU1ITWlJR1IxY2owaU16QnpJaUJ5WlhCbFlYUkRiM1Z1ZEQwaWFXNWtaV1pwYm1sMFpTSWdMejQ4TDNSbGVIUlFZWFJvUGp4MFpYaDBVR0YwYUNCemRHRnlkRTltWm5ObGREMGlMVFV3SlNJZ1ptbHNiRDBpZDJocGRHVWlJR1p2Ym5RdFptRnRhV3g1UFNJblEyOTFjbWxsY2lCT1pYY25MQ0J0YjI1dmMzQmhZMlVpSUdadmJuUXRjMmw2WlQwaU1UQndlQ0lnZUd4cGJtczZhSEpsWmowaUkzUmxlSFF0Y0dGMGFDMWhJajR3ZUdGaVkyUmxZV0pqWkdWbVlXSmpaR1ZtWVdKalpHVm1ZV0pqWkdWbVlXSmpaR1ZtWVdKalpHWWc0b0NpSUZWT1NTQThZVzVwYldGMFpTQmhaR1JwZEdsMlpUMGljM1Z0SWlCaGRIUnlhV0oxZEdWT1lXMWxQU0p6ZEdGeWRFOW1abk5sZENJZ1puSnZiVDBpTUNVaUlIUnZQU0l4TURBbElpQmlaV2RwYmowaU1ITWlJR1IxY2owaU16QnpJaUJ5WlhCbFlYUkRiM1Z1ZEQwaWFXNWtaV1pwYm1sMFpTSWdMejQ4TDNSbGVIUlFZWFJvUGp3dmRHVjRkRDQ4WnlCdFlYTnJQU0oxY213b0kyWmhaR1V0YzNsdFltOXNLU0krUEhKbFkzUWdabWxzYkQwaWJtOXVaU0lnZUQwaU1IQjRJaUI1UFNJd2NIZ2lJSGRwWkhSb1BTSXlPVEJ3ZUNJZ2FHVnBaMmgwUFNJeU1EQndlQ0lnTHo0Z1BIUmxlSFFnZVQwaU56QndlQ0lnZUQwaU16SndlQ0lnWm1sc2JEMGlkMmhwZEdVaUlHWnZiblF0Wm1GdGFXeDVQU0luUTI5MWNtbGxjaUJPWlhjbkxDQnRiMjV2YzNCaFkyVWlJR1p2Ym5RdGQyVnBaMmgwUFNJeU1EQWlJR1p2Ym5RdGMybDZaVDBpTXpad2VDSStWVTVKTDFkRlZFZzhMM1JsZUhRK1BIUmxlSFFnZVQwaU1URTFjSGdpSUhnOUlqTXljSGdpSUdacGJHdzlJbmRvYVhSbElpQm1iMjUwTFdaaGJXbHNlVDBpSjBOdmRYSnBaWElnVG1WM0p5d2diVzl1YjNOd1lXTmxJaUJtYjI1MExYZGxhV2RvZEQwaU1qQXdJaUJtYjI1MExYTnBlbVU5SWpNMmNIZ2lQakF1TURVbFBDOTBaWGgwUGp3dlp6NDhjbVZqZENCNFBTSXhOaUlnZVQwaU1UWWlJSGRwWkhSb1BTSXlOVGdpSUdobGFXZG9kRDBpTkRZNElpQnllRDBpTWpZaUlISjVQU0l5TmlJZ1ptbHNiRDBpY21kaVlTZ3dMREFzTUN3d0tTSWdjM1J5YjJ0bFBTSnlaMkpoS0RJMU5Td3lOVFVzTWpVMUxEQXVNaWtpSUM4K1BHY2diV0Z6YXowaWRYSnNLQ05tWVdSbExXUnZkMjRwSWlCemRIbHNaVDBpZEhKaGJuTm1iM0p0T25SeVlXNXpiR0YwWlNnM01uQjRMREU0T1hCNEtTSStQSEpsWTNRZ2VEMGlMVEUyY0hnaUlIazlJaTB4Tm5CNElpQjNhV1IwYUQwaU1UZ3djSGdpSUdobGFXZG9kRDBpTVRnd2NIZ2lJR1pwYkd3OUltNXZibVVpSUM4K1BIQmhkR2dnWkQwaVRURWdNVU01SURneElEWTFJREV6TnlBeE5EVWdNVFExSWlCemRISnZhMlU5SW5KblltRW9NQ3d3TERBc01DNHpLU0lnYzNSeWIydGxMWGRwWkhSb1BTSXpNbkI0SWlCbWFXeHNQU0p1YjI1bElpQnpkSEp2YTJVdGJHbHVaV05oY0QwaWNtOTFibVFpSUM4K1BDOW5QanhuSUcxaGMyczlJblZ5YkNnalptRmtaUzFrYjNkdUtTSWdjM1I1YkdVOUluUnlZVzV6Wm05eWJUcDBjbUZ1YzJ4aGRHVW9Oekp3ZUN3eE9EbHdlQ2tpUGp4eVpXTjBJSGc5SWkweE5uQjRJaUI1UFNJdE1UWndlQ0lnZDJsa2RHZzlJakU0TUhCNElpQm9aV2xuYUhROUlqRTRNSEI0SWlCbWFXeHNQU0p1YjI1bElpQXZQanh3WVhSb0lHUTlJazB4SURGRE9TQTRNU0EyTlNBeE16Y2dNVFExSURFME5TSWdjM1J5YjJ0bFBTSnlaMkpoS0RJMU5Td3lOVFVzTWpVMUxERXBJaUJtYVd4c1BTSnViMjVsSWlCemRISnZhMlV0YkdsdVpXTmhjRDBpY205MWJtUWlJQzgrUEM5blBqeGphWEpqYkdVZ1kzZzlJamN6Y0hnaUlHTjVQU0l4T1RCd2VDSWdjajBpTkhCNElpQm1hV3hzUFNKM2FHbDBaU0lnTHo0OFkybHlZMnhsSUdONFBTSTNNM0I0SWlCamVUMGlNVGt3Y0hnaUlISTlJakkwY0hnaUlHWnBiR3c5SW01dmJtVWlJSE4wY205clpUMGlkMmhwZEdVaUlDOCtJRHhuSUhOMGVXeGxQU0owY21GdWMyWnZjbTA2ZEhKaGJuTnNZWFJsS0RJNWNIZ3NJRE00TkhCNEtTSStQSEpsWTNRZ2QybGtkR2c5SWpZemNIZ2lJR2hsYVdkb2REMGlNalp3ZUNJZ2NuZzlJamh3ZUNJZ2NuazlJamh3ZUNJZ1ptbHNiRDBpY21kaVlTZ3dMREFzTUN3d0xqWXBJaUF2UGp4MFpYaDBJSGc5SWpFeWNIZ2lJSGs5SWpFM2NIZ2lJR1p2Ym5RdFptRnRhV3g1UFNJblEyOTFjbWxsY2lCT1pYY25MQ0J0YjI1dmMzQmhZMlVpSUdadmJuUXRjMmw2WlQwaU1USndlQ0lnWm1sc2JEMGlkMmhwZEdVaVBqeDBjM0JoYmlCbWFXeHNQU0p5WjJKaEtESTFOU3d5TlRVc01qVTFMREF1TmlraVBrbEVPaUE4TDNSemNHRnVQakU4TDNSbGVIUStQQzluUGlBOFp5QnpkSGxzWlQwaWRISmhibk5tYjNKdE9uUnlZVzV6YkdGMFpTZ3lPWEI0TENBME1UUndlQ2tpUGp4eVpXTjBJSGRwWkhSb1BTSXhNRFZ3ZUNJZ2FHVnBaMmgwUFNJeU5uQjRJaUJ5ZUQwaU9IQjRJaUJ5ZVQwaU9IQjRJaUJtYVd4c1BTSnlaMkpoS0RBc01Dd3dMREF1TmlraUlDOCtQSFJsZUhRZ2VEMGlNVEp3ZUNJZ2VUMGlNVGR3ZUNJZ1ptOXVkQzFtWVcxcGJIazlJaWREYjNWeWFXVnlJRTVsZHljc0lHMXZibTl6Y0dGalpTSWdabTl1ZEMxemFYcGxQU0l4TW5CNElpQm1hV3hzUFNKM2FHbDBaU0krUEhSemNHRnVJR1pwYkd3OUluSm5ZbUVvTWpVMUxESTFOU3d5TlRVc01DNDJLU0krVFdsdUlGUnBZMnM2SUR3dmRITndZVzQrTUR3dmRHVjRkRDQ4TDJjK0lEeG5JSE4wZVd4bFBTSjBjbUZ1YzJadmNtMDZkSEpoYm5Oc1lYUmxLREk1Y0hnc0lEUTBOSEI0S1NJK1BISmxZM1FnZDJsa2RHZzlJakV5Tm5CNElpQm9aV2xuYUhROUlqSTJjSGdpSUhKNFBTSTRjSGdpSUhKNVBTSTRjSGdpSUdacGJHdzlJbkpuWW1Fb01Dd3dMREFzTUM0MktTSWdMejQ4ZEdWNGRDQjRQU0l4TW5CNElpQjVQU0l4TjNCNElpQm1iMjUwTFdaaGJXbHNlVDBpSjBOdmRYSnBaWElnVG1WM0p5d2diVzl1YjNOd1lXTmxJaUJtYjI1MExYTnBlbVU5SWpFeWNIZ2lJR1pwYkd3OUluZG9hWFJsSWo0OGRITndZVzRnWm1sc2JEMGljbWRpWVNneU5UVXNNalUxTERJMU5Td3dMallwSWo1TllYZ2dWR2xqYXpvZ1BDOTBjM0JoYmo0eE1EQXdQQzkwWlhoMFBqd3ZaejQ4WnlCemRIbHNaVDBpZEhKaGJuTm1iM0p0T25SeVlXNXpiR0YwWlNneU1qWndlQ3dnTkRNemNIZ3BJajQ4Y21WamRDQjNhV1IwYUQwaU16WndlQ0lnYUdWcFoyaDBQU0l6Tm5CNElpQnllRDBpT0hCNElpQnllVDBpT0hCNElpQm1hV3hzUFNKdWIyNWxJaUJ6ZEhKdmEyVTlJbkpuWW1Fb01qVTFMREkxTlN3eU5UVXNNQzR5S1NJZ0x6NDhjR0YwYUNCemRISnZhMlV0YkdsdVpXTmhjRDBpY205MWJtUWlJR1E5SWswNElEbERPQzR3TURBd05DQXlNaTQ1TkRrMElERTJMakl3T1RrZ01qZ2dNamNnTWpnaUlHWnBiR3c5SW01dmJtVWlJSE4wY205clpUMGlkMmhwZEdVaUlDOCtQR05wY21Oc1pTQnpkSGxzWlQwaWRISmhibk5tYjNKdE9uUnlZVzV6YkdGMFpUTmtLREV6Y0hnc0lESXpjSGdzSURCd2VDa2lJR040UFNJd2NIZ2lJR041UFNJd2NIZ2lJSEk5SWpSd2VDSWdabWxzYkQwaWQyaHBkR1VpTHo0OEwyYytQR2NnYzNSNWJHVTlJblJ5WVc1elptOXliVHAwY21GdWMyeGhkR1VvTWpJMmNIZ3NJRE01TW5CNEtTSStQSEpsWTNRZ2QybGtkR2c5SWpNMmNIZ2lJR2hsYVdkb2REMGlNelp3ZUNJZ2NuZzlJamh3ZUNJZ2NuazlJamh3ZUNJZ1ptbHNiRDBpYm05dVpTSWdjM1J5YjJ0bFBTSnlaMkpoS0RJMU5Td3lOVFVzTWpVMUxEQXVNaWtpSUM4K1BHYytQSEJoZEdnZ2MzUjViR1U5SW5SeVlXNXpabTl5YlRwMGNtRnVjMnhoZEdVb05uQjRMRFp3ZUNraUlHUTlJazB4TWlBd1RERXlMalkxTWpJZ09TNDFOalU0TjB3eE9DQXhMall3TnpkTU1UTXVOemd4T1NBeE1DNHlNVGd4VERJeUxqTTVNak1nTmt3eE5DNDBNelF4SURFeExqTTBOemhNTWpRZ01USk1NVFF1TkRNME1TQXhNaTQyTlRJeVRESXlMak01TWpNZ01UaE1NVE11TnpneE9TQXhNeTQzT0RFNVRERTRJREl5TGpNNU1qTk1NVEl1TmpVeU1pQXhOQzQwTXpReFRERXlJREkwVERFeExqTTBOemdnTVRRdU5ETTBNVXcySURJeUxqTTVNak5NTVRBdU1qRTRNU0F4TXk0M09ERTVUREV1TmpBM055QXhPRXc1TGpVMk5UZzNJREV5TGpZMU1qSk1NQ0F4TWt3NUxqVTJOVGczSURFeExqTTBOemhNTVM0Mk1EYzNJRFpNTVRBdU1qRTRNU0F4TUM0eU1UZ3hURFlnTVM0Mk1EYzNUREV4TGpNME56Z2dPUzQxTmpVNE4wd3hNaUF3V2lJZ1ptbHNiRDBpZDJocGRHVWlJQzgrUEdGdWFXMWhkR1ZVY21GdWMyWnZjbTBnWVhSMGNtbGlkWFJsVG1GdFpUMGlkSEpoYm5ObWIzSnRJaUIwZVhCbFBTSnliM1JoZEdVaUlHWnliMjA5SWpBZ01UZ2dNVGdpSUhSdlBTSXpOakFnTVRnZ01UZ2lJR1IxY2owaU1UQnpJaUJ5WlhCbFlYUkRiM1Z1ZEQwaWFXNWtaV1pwYm1sMFpTSXZQand2Wno0OEwyYytQQzl6ZG1jKyJ9"`;

exports[`NFTDescriptor #svgImage matches the current snapshot 1`] = `"<svg width=\\"290\\" height=\\"500\\" viewBox=\\"0 0 290 500\\" xmlns=\\"http://www.w3.org/2000/svg\\" xmlns:xlink='http://www.w3.org/1999/xlink'><defs><filter id=\\"f1\\"><feImage result=\\"p0\\" xlink:href=\\"data:image/svg+xml;base64,PHN2ZyB3aWR0aD0nMjkwJyBoZWlnaHQ9JzUwMCcgdmlld0JveD0nMCAwIDI5MCA1MDAnIHhtbG5zPSdodHRwOi8vd3d3LnczLm9yZy8yMDAwL3N2Zyc+PHJlY3Qgd2lkdGg9JzI5MHB4JyBoZWlnaHQ9JzUwMHB4JyBmaWxsPScjMTIzNDU2Jy8+PC9zdmc+\\"/><feImage result=\\"p1\\" xlink:href=\\"data:image/svg+xml;base64,PHN2ZyB3aWR0aD0nMjkwJyBoZWlnaHQ9JzUwMCcgdmlld0JveD0nMCAwIDI5MCA1MDAnIHhtbG5zPSdodHRwOi8vd3d3LnczLm9yZy8yMDAwL3N2Zyc+PGNpcmNsZSBjeD0nMTkyJyBjeT0nMzI1JyByPScxMjBweCcgZmlsbD0nI2FiY2RlYScvPjwvc3ZnPg==\\"/><feImage result=\\"p2\\" xlink:href=\\"data:image/svg+xml;base64,PHN2ZyB3aWR0aD0nMjkwJyBoZWlnaHQ9JzUwMCcgdmlld0JveD0nMCAwIDI5MCA1MDAnIHhtbG5zPSdodHRwOi8vd3d3LnczLm9yZy8yMDAwL3N2Zyc+PGNpcmNsZSBjeD0nMjQzJyBjeT0nMzYyJyByPScxMjBweCcgZmlsbD0nIzY3ODkwMScvPjwvc3ZnPg==\\" /><feImage result=\\"p3\\" xlink:href=\\"data:image/svg+xml;base64,PHN2ZyB3aWR0aD0nMjkwJyBoZWlnaHQ9JzUwMCcgdmlld0JveD0nMCAwIDI5MCA1MDAnIHhtbG5zPSdodHRwOi8vd3d3LnczLm9yZy8yMDAwL3N2Zyc+PGNpcmNsZSBjeD0nMzcnIGN5PScxMzEnIHI9JzEwMHB4JyBmaWxsPScjZmFiY2RmJy8+PC9zdmc+\\" /><feBlend mode=\\"overlay\\" in=\\"p0\\" in2=\\"p1\\" /><feBlend mode=\\"exclusion\\" in2=\\"p2\\" /><feBlend mode=\\"overlay\\" in2=\\"p3\\" result=\\"blendOut\\" /><feGaussianBlur in=\\"blendOut\\" stdDeviation=\\"42\\" /></filter> <clipPath id=\\"corners\\"><rect width=\\"290\\" height=\\"500\\" rx=\\"42\\" ry=\\"42\\" /></clipPath><path id=\\"text-path-a\\" d=\\"M40 12 H250 A28 28 0 0 1 278 40 V460 A28 28 0 0 1 250 488 H40 A28 28 0 0 1 12 460 V40 A28 28 0 0 1 40 12 z\\" /><path id=\\"minimap\\" d=\\"M234 444C234 457.949 242.21 463 253 463\\" /><filter id=\\"top-region-blur\\"><feGaussianBlur in=\\"SourceGraphic\\" stdDeviation=\\"24\\" /></filter><linearGradient id=\\"grad-up\\" x1=\\"1\\" x2=\\"0\\" y1=\\"1\\" y2=\\"0\\"><stop offset=\\"0.0\\" stop-color=\\"white\\" stop-opacity=\\"1\\" /><stop offset=\\".9\\" stop-color=\\"white\\" stop-opacity=\\"0\\" /></linearGradient><linearGradient id=\\"grad-down\\" x1=\\"0\\" x2=\\"1\\" y1=\\"0\\" y2=\\"1\\"><stop offset=\\"0.0\\" stop-color=\\"white\\" stop-opacity=\\"1\\" /><stop offset=\\"0.9\\" stop-color=\\"white\\" stop-opacity=\\"0\\" /></linearGradient><mask id=\\"fade-up\\" maskContentUnits=\\"objectBoundingBox\\"><rect width=\\"1\\" height=\\"1\\" fill=\\"url(#grad-up)\\" /></mask><mask id=\\"fade-down\\" maskContentUnits=\\"objectBoundingBox\\"><rect width=\\"1\\" height=\\"1\\" fill=\\"url(#grad-down)\\" /></mask><mask id=\\"none\\" maskContentUnits=\\"objectBoundingBox\\"><rect width=\\"1\\" height=\\"1\\" fill=\\"white\\" /></mask><linearGradient id=\\"grad-symbol\\"><stop offset=\\"0.7\\" stop-color=\\"white\\" stop-opacity=\\"1\\" /><stop offset=\\".95\\" stop-color=\\"white\\" stop-opacity=\\"0\\" /></linearGradient><mask id=\\"fade-symbol\\" maskContentUnits=\\"userSpaceOnUse\\"><rect width=\\"290px\\" height=\\"200px\\" fill=\\"url(#grad-symbol)\\" /></mask></defs><g clip-path=\\"url(#corners)\\"><rect fill=\\"123456\\" x=\\"0px\\" y=\\"0px\\" width=\\"290px\\" height=\\"500px\\" /><rect style=\\"filter: url(#f1)\\" x=\\"0px\\" y=\\"0px\\" width=\\"290px\\" height=\\"500px\\" /> <g style=\\"filter:url(#top-region-blur); transform:scale(1.5); transform-origin:center top;\\"><rect fill=\\"none\\" x=\\"0px\\" y=\\"0px\\" width=\\"290px\\" height=\\"500px\\" /><ellipse cx=\\"50%\\" cy=\\"0px\\" rx=\\"180px\\" ry=\\"120px\\" fill=\\"#000\\" opacity=\\"0.85\\" /></g><rect x=\\"0\\" y=\\"0\\" width=\\"290\\" height=\\"500\\" rx=\\"42\\" ry=\\"42\\" fill=\\"rgba(0,0,0,0)\\" stroke=\\"rgba(255,255,255,0.2)\\" /></g><text text-rendering=\\"optimizeSpeed\\"><textPath startOffset=\\"-100%\\" fill=\\"white\\" font-family=\\"'Courier New', monospace\\" font-size=\\"10px\\" xlink:href=\\"#text-path-a\\">0xabcdeabcdefabcdefabcdefabcdefabcdefabcdf • WETH <animate additive=\\"sum\\" attributeName=\\"startOffset\\" from=\\"0%\\" to=\\"100%\\" begin=\\"0s\\" dur=\\"30s\\" repeatCount=\\"indefinite\\" /></textPath> <textPath startOffset=\\"0%\\" fill=\\"white\\" font-family=\\"'Courier New', monospace\\" font-size=\\"10px\\" xlink:href=\\"#text-path-a\\">0xabcdeabcdefabcdefabcdefabcdefabcdefabcdf • WETH <animate additive=\\"sum\\" attributeName=\\"startOffset\\" from=\\"0%\\" to=\\"100%\\" begin=\\"0s\\" dur=\\"30s\\" repeatCount=\\"indefinite\\" /> </textPath><textPath startOffset=\\"50%\\" fill=\\"white\\" font-family=\\"'Courier New', monospace\\" font-size=\\"10px\\" xlink:href=\\"#text-path-a\\">0x1234567890123456789123456789012345678901 • UNI <animate additive=\\"sum\\" attributeName=\\"startOffset\\" from=\\"0%\\" to=\\"100%\\" begin=\\"0s\\" dur=\\"30s\\" repeatCount=\\"indefinite\\" /></textPath><textPath startOffset=\\"-50%\\" fill=\\"white\\" font-family=\\"'Courier New', monospace\\" font-size=\\"10px\\" xlink:href=\\"#text-path-a\\">0x1234567890123456789123456789012345678901 • UNI <animate additive=\\"sum\\" attributeName=\\"startOffset\\" from=\\"0%\\" to=\\"100%\\" begin=\\"0s\\" dur=\\"30s\\" repeatCount=\\"indefinite\\" /></textPath></text><g mask=\\"url(#fade-symbol)\\"><rect fill=\\"none\\" x=\\"0px\\" y=\\"0px\\" width=\\"290px\\" height=\\"200px\\" /> <text y=\\"70px\\" x=\\"32px\\" fill=\\"white\\" font-family=\\"'Courier New', monospace\\" font-weight=\\"200\\" font-size=\\"36px\\">UNI/WETH</text><text y=\\"115px\\" x=\\"32px\\" fill=\\"white\\" font-family=\\"'Courier New', monospace\\" font-weight=\\"200\\" font-size=\\"36px\\">0.05%</text></g><rect x=\\"16\\" y=\\"16\\" width=\\"258\\" height=\\"468\\" rx=\\"26\\" ry=\\"26\\" fill=\\"rgba(0,0,0,0)\\" stroke=\\"rgba(255,255,255,0.2)\\" /><g mask=\\"url(#none)\\" style=\\"transform:translate(72px,189px)\\"><rect x=\\"-16px\\" y=\\"-16px\\" width=\\"180px\\" height=\\"180px\\" fill=\\"none\\" /><path d=\\"M1 1C17 73 73 129 145 145\\" stroke=\\"rgba(0,0,0,0.3)\\" stroke-width=\\"32px\\" fill=\\"none\\" stroke-linecap=\\"round\\" /></g><g mask=\\"url(#none)\\" style=\\"transform:translate(72px,189px)\\"><rect x=\\"-16px\\" y=\\"-16px\\" width=\\"180px\\" height=\\"180px\\" fill=\\"none\\" /><path d=\\"M1 1C17 73 73 129 145 145\\" stroke=\\"rgba(255,255,255,1)\\" fill=\\"none\\" stroke-linecap=\\"round\\" /></g><circle cx=\\"73px\\" cy=\\"190px\\" r=\\"4px\\" fill=\\"white\\" /><circle cx=\\"217px\\" cy=\\"334px\\" r=\\"4px\\" fill=\\"white\\" /> <g style=\\"transform:translate(29px, 384px)\\"><rect width=\\"77px\\" height=\\"26px\\" rx=\\"8px\\" ry=\\"8px\\" fill=\\"rgba(0,0,0,0.6)\\" /><text x=\\"12px\\" y=\\"17px\\" font-family=\\"'Courier New', monospace\\" font-size=\\"12px\\" fill=\\"white\\"><tspan fill=\\"rgba(255,255,255,0.6)\\">ID: </tspan>123</text></g> <g style=\\"transform:translate(29px, 414px)\\"><rect width=\\"133px\\" height=\\"26px\\" rx=\\"8px\\" ry=\\"8px\\" fill=\\"rgba(0,0,0,0.6)\\" /><text x=\\"12px\\" y=\\"17px\\" font-family=\\"'Courier New', monospace\\" font-size=\\"12px\\" fill=\\"white\\"><tspan fill=\\"rgba(255,255,255,0.6)\\">Min Tick: </tspan>-1000</text></g> <g style=\\"transform:translate(29px, 444px)\\"><rect width=\\"126px\\" height=\\"26px\\" rx=\\"8px\\" ry=\\"8px\\" fill=\\"rgba(0,0,0,0.6)\\" /><text x=\\"12px\\" y=\\"17px\\" font-family=\\"'Courier New', monospace\\" font-size=\\"12px\\" fill=\\"white\\"><tspan fill=\\"rgba(255,255,255,0.6)\\">Max Tick: </tspan>2000</text></g><g style=\\"transform:translate(226px, 433px)\\"><rect width=\\"36px\\" height=\\"36px\\" rx=\\"8px\\" ry=\\"8px\\" fill=\\"none\\" stroke=\\"rgba(255,255,255,0.2)\\" /><path stroke-linecap=\\"round\\" d=\\"M8 9C8.00004 22.9494 16.2099 28 27 28\\" fill=\\"none\\" stroke=\\"white\\" /><circle style=\\"transform:translate3d(13px, 23px, 0px)\\" cx=\\"0px\\" cy=\\"0px\\" r=\\"4px\\" fill=\\"white\\"/></g></svg>"`;
